[themesbrand.com/velzon/html/default/index.html]
[backblue.gif]
[fade.gif]
[index.html]
[themesbrand.com/velzon/html/default/assets/images/favicon.ico]
[themesbrand.com/velzon/html/default/assets/libs/jsvectormap/css/jsvectormap.min.css]
[themesbrand.com/velzon/html/default/assets/libs/swiper/swiper-bundle.min.css]
[themesbrand.com/velzon/html/default/assets/js/layout.js]
[themesbrand.com/velzon/html/default/assets/css/bootstrap.min.css]
[themesbrand.com/velzon/html/default/assets/css/icons.min.css]
[themesbrand.com/velzon/html/default/assets/css/app.min.css]
[themesbrand.com/velzon/html/default/assets/images/logo-sm.png]
[themesbrand.com/velzon/html/default/assets/images/logo-dark.png]
[themesbrand.com/velzon/html/default/assets/images/logo-light.png]
[themesbrand.com/velzon/html/default/assets/images/users/avatar-2.jpg]
[themesbrand.com/velzon/html/default/assets/images/users/avatar-3.jpg]
[themesbrand.com/velzon/html/default/assets/images/users/avatar-5.jpg]
[themesbrand.com/velzon/html/default/pages-search-results.html]
[themesbrand.com/velzon/html/default/assets/images/brands/github.png]
[themesbrand.com/velzon/html/default/assets/images/brands/bitbucket.png]
[themesbrand.com/velzon/html/default/assets/images/brands/dribbble.png]
[themesbrand.com/velzon/html/default/assets/images/brands/dropbox.png]
[themesbrand.com/velzon/html/default/assets/images/brands/mail_chimp.png]
[themesbrand.com/velzon/html/default/assets/images/brands/slack.png]
[themesbrand.com/velzon/html/default/assets/images/products/img-1.png]
[themesbrand.com/velzon/html/default/apps-ecommerce-product-details.html]
[themesbrand.com/velzon/html/default/assets/images/products/img-2.png]
[themesbrand.com/velzon/html/default/assets/images/products/img-3.png]
[themesbrand.com/velzon/html/default/assets/images/products/img-6.png]
[themesbrand.com/velzon/html/default/assets/images/products/img-5.png]
[themesbrand.com/velzon/html/default/apps-ecommerce-checkout.html]
[themesbrand.com/velzon/html/default/assets/images/users/avatar-8.jpg]
[themesbrand.com/velzon/html/default/assets/images/users/avatar-6.jpg]
[themesbrand.com/velzon/html/default/assets/images/users/avatar-1.jpg]
[themesbrand.com/velzon/html/default/pages-profile.html]
[themesbrand.com/velzon/html/default/apps-chat.html]
[themesbrand.com/velzon/html/default/apps-tasks-kanban.html]
[themesbrand.com/velzon/html/default/pages-faqs.html]
[themesbrand.com/velzon/html/default/pages-profile-settings.html]
[themesbrand.com/velzon/html/default/auth-lockscreen-basic.html]
[themesbrand.com/velzon/html/default/auth-logout-basic.html]
[themesbrand.com/velzon/html/default/dashboard-analytics.html]
[themesbrand.com/velzon/html/default/dashboard-crm.html]
[themesbrand.com/velzon/html/default/dashboard-crypto.html]
[themesbrand.com/velzon/html/default/dashboard-projects.html]
[themesbrand.com/velzon/html/default/apps-calendar.html]
[themesbrand.com/velzon/html/default/apps-mailbox.html]
[themesbrand.com/velzon/html/default/apps-ecommerce-products.html]
[themesbrand.com/velzon/html/default/apps-ecommerce-add-product.html]
[themesbrand.com/velzon/html/default/apps-ecommerce-orders.html]
[themesbrand.com/velzon/html/default/apps-ecommerce-order-details.html]
[themesbrand.com/velzon/html/default/apps-ecommerce-customers.html]
[themesbrand.com/velzon/html/default/apps-ecommerce-cart.html]
[themesbrand.com/velzon/html/default/apps-ecommerce-sellers.html]
[themesbrand.com/velzon/html/default/apps-ecommerce-seller-details.html]
[themesbrand.com/velzon/html/default/apps-projects-list.html]
[themesbrand.com/velzon/html/default/apps-projects-overview.html]
[themesbrand.com/velzon/html/default/apps-projects-create.html]
[themesbrand.com/velzon/html/default/apps-tasks-list-view.html]
[themesbrand.com/velzon/html/default/apps-tasks-details.html]
[themesbrand.com/velzon/html/default/apps-crm-contacts.html]
[themesbrand.com/velzon/html/default/apps-crm-companies.html]
[themesbrand.com/velzon/html/default/apps-crm-deals.html]
[themesbrand.com/velzon/html/default/apps-crm-leads.html]
[themesbrand.com/velzon/html/default/apps-crypto-transactions.html]
[themesbrand.com/velzon/html/default/apps-crypto-buy-sell.html]
[themesbrand.com/velzon/html/default/apps-crypto-orders.html]
[themesbrand.com/velzon/html/default/apps-crypto-wallet.html]
[themesbrand.com/velzon/html/default/apps-crypto-ico.html]
[themesbrand.com/velzon/html/default/apps-crypto-kyc.html]
[themesbrand.com/velzon/html/default/apps-invoices-list.html]
[themesbrand.com/velzon/html/default/apps-invoices-details.html]
[themesbrand.com/velzon/html/default/apps-invoices-create.html]
[themesbrand.com/velzon/html/default/apps-tickets-list.html]
[themesbrand.com/velzon/html/default/apps-tickets-details.html]
[themesbrand.com/velzon/html/default/layouts-horizontal.html]
[themesbrand.com/velzon/html/default/layouts-detached.html]
[themesbrand.com/velzon/html/default/layouts-two-column.html]
[themesbrand.com/velzon/html/default/layouts-vertical-hovered.html]
[themesbrand.com/velzon/html/default/auth-signin-basic.html]
[themesbrand.com/velzon/html/default/auth-signin-cover.html]
[themesbrand.com/velzon/html/default/auth-signup-basic.html]
[themesbrand.com/velzon/html/default/auth-signup-cover.html]
[themesbrand.com/velzon/html/default/auth-pass-reset-basic.html]
[themesbrand.com/velzon/html/default/auth-pass-reset-cover.html]
[themesbrand.com/velzon/html/default/auth-lockscreen-cover.html]
[themesbrand.com/velzon/html/default/auth-logout-cover.html]
[themesbrand.com/velzon/html/default/auth-success-msg-basic.html]
[themesbrand.com/velzon/html/default/auth-success-msg-cover.html]
[themesbrand.com/velzon/html/default/auth-twostep-basic.html]
[themesbrand.com/velzon/html/default/auth-twostep-cover.html]
[themesbrand.com/velzon/html/default/auth-404-basic.html]
[themesbrand.com/velzon/html/default/auth-404-cover.html]
[themesbrand.com/velzon/html/default/auth-404-alt.html]
[themesbrand.com/velzon/html/default/auth-500.html]
[themesbrand.com/velzon/html/default/pages-starter.html]
[themesbrand.com/velzon/html/default/pages-team.html]
[themesbrand.com/velzon/html/default/pages-timeline.html]
[themesbrand.com/velzon/html/default/pages-pricing.html]
[themesbrand.com/velzon/html/default/pages-gallery.html]
[themesbrand.com/velzon/html/default/pages-maintenance.html]
[themesbrand.com/velzon/html/default/pages-coming-soon.html]
[themesbrand.com/velzon/html/default/pages-sitemap.html]
[themesbrand.com/velzon/html/default/landing.html]
[themesbrand.com/velzon/html/default/ui-alerts.html]
[themesbrand.com/velzon/html/default/ui-badges.html]
[themesbrand.com/velzon/html/default/ui-buttons.html]
[themesbrand.com/velzon/html/default/ui-colors.html]
[themesbrand.com/velzon/html/default/ui-cards.html]
[themesbrand.com/velzon/html/default/ui-carousel.html]
[themesbrand.com/velzon/html/default/ui-dropdowns.html]
[themesbrand.com/velzon/html/default/ui-grid.html]
[themesbrand.com/velzon/html/default/ui-images.html]
[themesbrand.com/velzon/html/default/ui-tabs.html]
[themesbrand.com/velzon/html/default/ui-accordions.html]
[themesbrand.com/velzon/html/default/ui-modals.html]
[themesbrand.com/velzon/html/default/ui-offcanvas.html]
[themesbrand.com/velzon/html/default/ui-placeholders.html]
[themesbrand.com/velzon/html/default/ui-progress.html]
[themesbrand.com/velzon/html/default/ui-notifications.html]
[themesbrand.com/velzon/html/default/ui-media.html]
[themesbrand.com/velzon/html/default/ui-embed-video.html]
[themesbrand.com/velzon/html/default/ui-typography.html]
[themesbrand.com/velzon/html/default/ui-lists.html]
[themesbrand.com/velzon/html/default/ui-general.html]
[themesbrand.com/velzon/html/default/ui-ribbons.html]
[themesbrand.com/velzon/html/default/ui-utilities.html]
[themesbrand.com/velzon/html/default/advance-ui-sweetalerts.html]
[themesbrand.com/velzon/html/default/advance-ui-nestable.html]
[themesbrand.com/velzon/html/default/advance-ui-scrollbar.html]
[themesbrand.com/velzon/html/default/advance-ui-animation.html]
[themesbrand.com/velzon/html/default/advance-ui-tour.html]
[themesbrand.com/velzon/html/default/advance-ui-swiper.html]
[themesbrand.com/velzon/html/default/advance-ui-ratings.html]
[themesbrand.com/velzon/html/default/advance-ui-highlight.html]
[themesbrand.com/velzon/html/default/advance-ui-scrollspy.html]
[themesbrand.com/velzon/html/default/widgets.html]
[themesbrand.com/velzon/html/default/forms-elements.html]
[themesbrand.com/velzon/html/default/forms-select.html]
[themesbrand.com/velzon/html/default/forms-checkboxs-radios.html]
[themesbrand.com/velzon/html/default/forms-pickers.html]
[themesbrand.com/velzon/html/default/forms-masks.html]
[themesbrand.com/velzon/html/default/forms-advanced.html]
[themesbrand.com/velzon/html/default/forms-range-sliders.html]
[themesbrand.com/velzon/html/default/forms-validation.html]
[themesbrand.com/velzon/html/default/forms-wizard.html]
[themesbrand.com/velzon/html/default/forms-editors.html]
[themesbrand.com/velzon/html/default/forms-file-uploads.html]
[themesbrand.com/velzon/html/default/forms-layouts.html]
[themesbrand.com/velzon/html/default/tables-basic.html]
[themesbrand.com/velzon/html/default/tables-gridjs.html]
[themesbrand.com/velzon/html/default/tables-listjs.html]
[themesbrand.com/velzon/html/default/charts-apex-line.html]
[themesbrand.com/velzon/html/default/charts-apex-area.html]
[themesbrand.com/velzon/html/default/charts-apex-column.html]
[themesbrand.com/velzon/html/default/charts-apex-bar.html]
[themesbrand.com/velzon/html/default/charts-apex-mixed.html]
[themesbrand.com/velzon/html/default/charts-apex-timeline.html]
[themesbrand.com/velzon/html/default/charts-apex-candlestick.html]
[themesbrand.com/velzon/html/default/charts-apex-boxplot.html]
[themesbrand.com/velzon/html/default/charts-apex-bubble.html]
[themesbrand.com/velzon/html/default/charts-apex-scatter.html]
[themesbrand.com/velzon/html/default/charts-apex-heatmap.html]
[themesbrand.com/velzon/html/default/charts-apex-treemap.html]
[themesbrand.com/velzon/html/default/charts-apex-pie.html]
[themesbrand.com/velzon/html/default/charts-apex-radialbar.html]
[themesbrand.com/velzon/html/default/charts-apex-radar.html]
[themesbrand.com/velzon/html/default/charts-apex-polar.html]
[themesbrand.com/velzon/html/default/charts-chartjs.html]
[themesbrand.com/velzon/html/default/charts-echarts.html]
[themesbrand.com/velzon/html/default/icons-remix.html]
[themesbrand.com/velzon/html/default/icons-boxicons.html]
[themesbrand.com/velzon/html/default/icons-materialdesign.html]
[themesbrand.com/velzon/html/default/icons-lineawesome.html]
[themesbrand.com/velzon/html/default/icons-feather.html]
[themesbrand.com/velzon/html/default/maps-google.html]
[themesbrand.com/velzon/html/default/maps-vector.html]
[themesbrand.com/velzon/html/default/maps-leaflet.html]
[themesbrand.com/velzon/html/default/assets/images/products/img-4.png]
[themesbrand.com/velzon/html/default/assets/images/companies/img-1.png]
[themesbrand.com/velzon/html/default/assets/images/companies/img-2.png]
[themesbrand.com/velzon/html/default/assets/images/companies/img-3.png]
[themesbrand.com/velzon/html/default/assets/images/companies/img-8.png]
[themesbrand.com/velzon/html/default/assets/images/companies/img-5.png]
[themesbrand.com/velzon/html/default/assets/images/users/avatar-4.jpg]
[themesbrand.com/velzon/html/default/assets/images/products/img-8.png]
[themesbrand.com/velzon/html/default/assets/images/products/img-10.png]
[themesbrand.com/velzon/html/default/assets/images/giftbox.png]
[themesbrand.com/velzon/html/default/assets/libs/bootstrap/js/bootstrap.bundle.min.js]
[themesbrand.com/velzon/html/default/assets/libs/simplebar/simplebar.min.js]
[themesbrand.com/velzon/html/default/assets/libs/node-waves/waves.min.js]
[themesbrand.com/velzon/html/default/assets/libs/feather-icons/feather.min.js]
[themesbrand.com/velzon/html/default/assets/js/pages/plugins/lord-icon-2.1.0.js]
[themesbrand.com/velzon/html/default/assets/js/plugins.js]
[themesbrand.com/velzon/html/default/assets/libs/jsvectormap/js/jsvectormap.min.js]
[themesbrand.com/velzon/html/default/assets/libs/apexcharts/apexcharts.min.js]
[themesbrand.com/velzon/html/default/assets/libs/jsvectormap/maps/world-merc.js]
[themesbrand.com/velzon/html/default/assets/libs/swiper/swiper-bundle.min.js]
[themesbrand.com/velzon/html/default/assets/js/pages/dashboard-ecommerce.init.js]
[themesbrand.com/velzon/html/default/index.html]
[themesbrand.com/velzon/html/default/assets/js/app.js]
[themesbrand.com/velzon/html/default/assets/libs/jsvectormap/css/jsvectormap.min.css]
[themesbrand.com/velzon/html/default/assets/libs/swiper/swiper-bundle.min.css]
[themesbrand.com/velzon/html/default/assets/css/bootstrap.min.css]
[themesbrand.com/velzon/html/default/assets/fonts/materialdesignicons-webfont1d2d.eot]
[themesbrand.com/velzon/html/default/assets/fonts/materialdesignicons-webfontd41d.eot]
[themesbrand.com/velzon/html/default/assets/fonts/materialdesignicons-webfont1d2d.woff]
[themesbrand.com/velzon/html/default/assets/fonts/materialdesignicons-webfont1d2d.ttf]
[themesbrand.com/velzon/html/default/assets/fonts/boxicons.eot]
[themesbrand.com/velzon/html/default/assets/fonts/boxicons.woff]
[themesbrand.com/velzon/html/default/assets/fonts/boxicons.ttf]
[themesbrand.com/velzon/html/default/assets/fonts/la-brands-400.eot]
[themesbrand.com/velzon/html/default/assets/fonts/la-brands-400d41d.eot]
[themesbrand.com/velzon/html/default/assets/fonts/la-brands-400.woff]
[themesbrand.com/velzon/html/default/assets/fonts/la-brands-400.ttf]
[themesbrand.com/velzon/html/default/assets/fonts/la-regular-400.eot]
[themesbrand.com/velzon/html/default/assets/fonts/la-regular-400d41d.eot]
[themesbrand.com/velzon/html/default/assets/fonts/la-regular-400.woff]
[themesbrand.com/velzon/html/default/assets/fonts/la-regular-400.ttf]
[themesbrand.com/velzon/html/default/assets/fonts/la-solid-900.eot]
[themesbrand.com/velzon/html/default/assets/fonts/la-solid-900d41d.eot]
[themesbrand.com/velzon/html/default/assets/fonts/la-solid-900.woff]
[themesbrand.com/velzon/html/default/assets/fonts/la-solid-900.ttf]
[themesbrand.com/velzon/html/default/assets/fonts/remixicondf6d.eot]
[themesbrand.com/velzon/html/default/assets/fonts/remixicondf6d.woff]
[themesbrand.com/velzon/html/default/assets/fonts/remixicondf6d.ttf]
[themesbrand.com/velzon/html/default/assets/css/icons.min.css]
[themesbrand.com/velzon/html/default/assets/css/app.min.css]
[themesbrand.com/velzon/html/default/assets/css/custom.min.css]
[themesbrand.com/velzon/html/default/assets/libs/glightbox/css/glightbox.min.css]
[themesbrand.com/velzon/html/default/assets/images/small/img-1.jpg]
[themesbrand.com/velzon/html/default/assets/images/small/img-3.jpg]
[themesbrand.com/velzon/html/default/assets/images/small/img-4.jpg]
[themesbrand.com/velzon/html/default/assets/images/small/img-5.jpg]
[themesbrand.com/velzon/html/default/assets/images/small/img-12.jpg]
[themesbrand.com/velzon/html/default/assets/images/small/img-11.jpg]
[themesbrand.com/velzon/html/default/assets/images/small/img-10.jpg]
[themesbrand.com/velzon/html/default/assets/images/small/img-9.jpg]
[themesbrand.com/velzon/html/default/assets/images/small/img-8.jpg]
[themesbrand.com/velzon/html/default/assets/images/small/img-7.jpg]
[themesbrand.com/velzon/html/default/assets/images/small/img-6.jpg]
[themesbrand.com/velzon/html/default/assets/images/small/img-2.jpg]
[themesbrand.com/velzon/html/default/assets/libs/glightbox/js/glightbox.min.js]
[themesbrand.com/velzon/html/default/assets/js/pages/search-result.init.js]
[themesbrand.com/velzon/html/default/pages-search-results.html]
[themesbrand.com/velzon/html/default/assets/images/flags/us.svg]
[themesbrand.com/velzon/html/default/assets/images/flags/spain.svg]
[themesbrand.com/velzon/html/default/assets/images/flags/germany.svg]
[themesbrand.com/velzon/html/default/assets/images/flags/italy.svg]
[themesbrand.com/velzon/html/default/assets/images/flags/russia.svg]
[themesbrand.com/velzon/html/default/assets/images/flags/china.svg]
[themesbrand.com/velzon/html/default/assets/images/flags/french.svg]
[themesbrand.com/velzon/html/default/assets/js/pages/ecommerce-product-details.init.js]
[themesbrand.com/velzon/html/default/apps-ecommerce-product-details.html]
[themesbrand.com/velzon/html/default/assets/images/products/img-7.png]
[themesbrand.com/velzon/html/default/assets/js/pages/ecommerce-product-checkout.init.js]
[themesbrand.com/velzon/html/default/apps-ecommerce-checkout.html]
[themesbrand.com/velzon/html/default/assets/images/svg/bell.svg]
[themesbrand.com/velzon/html/default/assets/images/profile-bg.jpg]
[themesbrand.com/velzon/html/default/assets/images/users/avatar-7.jpg]
[themesbrand.com/velzon/html/default/assets/js/pages/profile.init.js]
[themesbrand.com/velzon/html/default/pages-profile.html]
[themesbrand.com/velzon/html/default/assets/libs/fg-emoji-picker/fgEmojiPicker.js]
[themesbrand.com/velzon/html/default/apps-chat.html]
[themesbrand.com/velzon/html/default/assets/js/pages/chat.init.js]
[themesbrand.com/velzon/html/default/assets/libs/dragula/dragula.min.css]
[themesbrand.com/velzon/html/default/assets/images/users/avatar-10.jpg]
[themesbrand.com/velzon/html/default/assets/images/users/avatar-9.jpg]
[themesbrand.com/velzon/html/default/assets/libs/dragula/dragula.min.js]
[themesbrand.com/velzon/html/default/assets/libs/dom-autoscroller/dom-autoscroller.min.js]
[themesbrand.com/velzon/html/default/assets/js/pages/tasks-kanban.init.js]
[themesbrand.com/velzon/html/default/apps-tasks-kanban.html]
[themesbrand.com/velzon/html/default/assets/images/faq-img.png]
[themesbrand.com/velzon/html/default/pages-faqs.html]
[themesbrand.com/velzon/html/default/assets/js/pages/profile-setting.init.js]
[themesbrand.com/velzon/html/default/pages-profile-settings.html]
[themesbrand.com/velzon/html/default/assets/libs/particles.js/particles.js]
[themesbrand.com/velzon/html/default/assets/js/pages/particles.app.js]
[themesbrand.com/velzon/html/default/auth-lockscreen-basic.html]
[themesbrand.com/velzon/html/default/auth-logout-basic.html]
[themesbrand.com/velzon/html/default/assets/images/user-illustarator-2.png]
[themesbrand.com/velzon/html/default/assets/images/illustrator-1.png]
[themesbrand.com/velzon/html/default/assets/js/pages/dashboard-analytics.init.js]
[themesbrand.com/velzon/html/default/dashboard-analytics.html]
[themesbrand.com/velzon/html/default/assets/js/pages/dashboard-crm.init.js]
[themesbrand.com/velzon/html/default/dashboard-crm.html]
[themesbrand.com/velzon/html/default/dashboard-crypto.html]
[themesbrand.com/velzon/html/default/assets/js/pages/dashboard-crypto.init.js]
[themesbrand.com/velzon/html/default/assets/js/pages/dashboard-projects.init.js]
[themesbrand.com/velzon/html/default/dashboard-projects.html]
[themesbrand.com/velzon/html/default/assets/libs/fullcalendar/main.min.css]
[themesbrand.com/velzon/html/default/assets/libs/fullcalendar/main.min.js]
[themesbrand.com/velzon/html/default/assets/js/pages/calendar.init.js]
[themesbrand.com/velzon/html/default/apps-calendar.html]
[themesbrand.com/velzon/html/default/assets/libs/@ckeditor/ckeditor5-build-classic/build/ckeditor.js]
[themesbrand.com/velzon/html/default/assets/js/pages/mailbox.init.js]
[themesbrand.com/velzon/html/default/apps-mailbox.html]
[themesbrand.com/velzon/html/default/assets/libs/nouislider/nouislider.min.css]
[themesbrand.com/velzon/html/default/assets/libs/gridjs/theme/mermaid.min.css]
[themesbrand.com/velzon/html/default/assets/libs/nouislider/nouislider.min.js]
[themesbrand.com/velzon/html/default/assets/libs/wnumb/wNumb.min.js]
[themesbrand.com/velzon/html/default/assets/libs/gridjs/gridjs.umd.js]
[unpkg.com/gridjs/plugins/selection/dist/selection.umd.12a.delayed]
[unpkg.com/gridjs@5.0.2/plugins/selection/dist/selection.umd.js]
[themesbrand.com/velzon/html/default/apps-ecommerce-products.html]
[themesbrand.com/velzon/html/default/assets/js/pages/ecommerce-product-list.init.js]
[themesbrand.com/velzon/html/default/assets/libs/dropzone/dropzone.css]
[themesbrand.com/velzon/html/default/assets/libs/dropzone/dropzone-min.js]
[themesbrand.com/velzon/html/default/assets/js/pages/ecommerce-product-create.init.js]
[themesbrand.com/velzon/html/default/apps-ecommerce-add-product.html]
[themesbrand.com/velzon/html/default/assets/libs/list.js/list.min.js]
[themesbrand.com/velzon/html/default/assets/libs/list.pagination.js/list.pagination.min.js]
[themesbrand.com/velzon/html/default/apps-ecommerce-orders.html]
[themesbrand.com/velzon/html/default/apps-ecommerce-order-details.html]
[themesbrand.com/velzon/html/default/assets/js/pages/ecommerce-order.init.js]
[themesbrand.com/velzon/html/default/assets/js/pages/ecommerce-customer-list.init.js]
[themesbrand.com/velzon/html/default/apps-ecommerce-customers.html]
[themesbrand.com/velzon/html/default/assets/js/pages/form-input-spin.init.js]
[themesbrand.com/velzon/html/default/assets/js/pages/ecommerce-cart.init.js]
[themesbrand.com/velzon/html/default/apps-ecommerce-cart.html]
[themesbrand.com/velzon/html/default/assets/images/companies/img-4.png]
[themesbrand.com/velzon/html/default/assets/images/companies/img-6.png]
[themesbrand.com/velzon/html/default/assets/images/companies/img-7.png]
[themesbrand.com/velzon/html/default/assets/js/pages/sellers.init.js]
[themesbrand.com/velzon/html/default/apps-ecommerce-sellers.html]
[themesbrand.com/velzon/html/default/assets/js/pages/seller-details.init.js]
[themesbrand.com/velzon/html/default/apps-ecommerce-seller-details.html]
[themesbrand.com/velzon/html/default/assets/js/pages/project-list.init.js]
[themesbrand.com/velzon/html/default/apps-projects-list.html]
[themesbrand.com/velzon/html/default/assets/js/pages/project-overview.init.js]
[themesbrand.com/velzon/html/default/apps-projects-overview.html]
[themesbrand.com/velzon/html/default/assets/js/pages/project-create.init.js]
[themesbrand.com/velzon/html/default/apps-projects-create.html]
[themesbrand.com/velzon/html/default/assets/js/pages/tasks-list.init.js]
[themesbrand.com/velzon/html/default/apps-tasks-list-view.html]
[themesbrand.com/velzon/html/default/apps-tasks-details.html]
[themesbrand.com/velzon/html/default/assets/js/pages/crm-contact.init.js]
[themesbrand.com/velzon/html/default/apps-crm-contacts.html]
[themesbrand.com/velzon/html/default/assets/js/pages/crm-companies.init.js]
[themesbrand.com/velzon/html/default/apps-crm-companies.html]
[themesbrand.com/velzon/html/default/assets/libs/cleave.js/cleave.min.js]
[themesbrand.com/velzon/html/default/assets/js/pages/crm-deals.init.js]
[themesbrand.com/velzon/html/default/apps-crm-deals.html]
[themesbrand.com/velzon/html/default/assets/js/pages/crm-leads.init.js]
[themesbrand.com/velzon/html/default/apps-crm-leads.html]
[themesbrand.com/velzon/html/default/assets/js/pages/crypto-transactions.init.js]
[themesbrand.com/velzon/html/default/apps-crypto-transactions.html]
[themesbrand.com/velzon/html/default/apps-crypto-buy-sell.html]
[themesbrand.com/velzon/html/default/assets/js/pages/crypto-buy-sell.init.js]
[themesbrand.com/velzon/html/default/assets/js/pages/crypto-orders.init.js]
[themesbrand.com/velzon/html/default/apps-crypto-orders.html]
[themesbrand.com/velzon/html/default/assets/js/pages/crypto-wallet.init.js]
[themesbrand.com/velzon/html/default/apps-crypto-wallet.html]
[themesbrand.com/velzon/html/default/apps-crypto-ico.html]
[themesbrand.com/velzon/html/default/assets/images/verification-img.png]
[themesbrand.com/velzon/html/default/assets/js/pages/crypto-kyc.init.js]
[themesbrand.com/velzon/html/default/apps-crypto-kyc.html]
[themesbrand.com/velzon/html/default/assets/js/pages/invoiceslist.init.js]
[themesbrand.com/velzon/html/default/apps-invoices-list.html]
[themesbrand.com/velzon/html/default/assets/js/pages/invoicedetails.js]
[themesbrand.com/velzon/html/default/apps-invoices-details.html]
[themesbrand.com/velzon/html/default/assets/libs/sweetalert2/sweetalert2.min.css]
[themesbrand.com/velzon/html/default/assets/js/pages/invoicecreate.init.js]
[themesbrand.com/velzon/html/default/apps-invoices-create.html]
[themesbrand.com/velzon/html/default/assets/libs/sweetalert2/sweetalert2.min.js]
[themesbrand.com/velzon/html/default/assets/js/pages/ticketlist.init.js]
[themesbrand.com/velzon/html/default/apps-tickets-list.html]
[themesbrand.com/velzon/html/default/assets/js/pages/ticketdetail.init.js]
[themesbrand.com/velzon/html/default/apps-tickets-details.html]
[themesbrand.com/velzon/html/default/layouts-horizontal.html]
[themesbrand.com/velzon/html/default/layouts-detached.html]
[themesbrand.com/velzon/html/default/layouts-two-column.html]
[themesbrand.com/velzon/html/default/layouts-vertical-hovered.html]
[themesbrand.com/velzon/html/default/assets/js/pages/password-addon.init.js]
[themesbrand.com/velzon/html/default/auth-signin-basic.html]
[themesbrand.com/velzon/html/default/auth-signin-cover.html]
[themesbrand.com/velzon/html/default/assets/js/pages/form-validation.init.js]
[themesbrand.com/velzon/html/default/auth-signup-basic.html]
[themesbrand.com/velzon/html/default/auth-signup-cover.html]
[themesbrand.com/velzon/html/default/auth-pass-reset-basic.html]
[themesbrand.com/velzon/html/default/auth-pass-reset-cover.html]
[themesbrand.com/velzon/html/default/auth-lockscreen-cover.html]
[themesbrand.com/velzon/html/default/auth-logout-cover.html]
[themesbrand.com/velzon/html/default/auth-success-msg-basic.html]
[themesbrand.com/velzon/html/default/auth-success-msg-cover.html]
[themesbrand.com/velzon/html/default/assets/js/pages/two-step-verification.init.js]
[themesbrand.com/velzon/html/default/auth-twostep-basic.html]
[themesbrand.com/velzon/html/default/auth-twostep-cover.html]
[themesbrand.com/velzon/html/default/auth-404-basic.html]
[themesbrand.com/velzon/html/default/assets/images/error400-cover.png]
[themesbrand.com/velzon/html/default/auth-404-cover.html]
[themesbrand.com/velzon/html/default/auth-404-alt.html]
[themesbrand.com/velzon/html/default/assets/images/error500.png]
[themesbrand.com/velzon/html/default/auth-500.html]
[themesbrand.com/velzon/html/default/pages-starter.html]
[themesbrand.com/velzon/html/default/assets/js/pages/team.init.js]
[themesbrand.com/velzon/html/default/pages-team.html]
[themesbrand.com/velzon/html/default/assets/js/pages/timeline.init.js]
[themesbrand.com/velzon/html/default/pages-timeline.html]
[themesbrand.com/velzon/html/default/assets/js/pages/pricing.init.js]
[themesbrand.com/velzon/html/default/pages-pricing.html]
[themesbrand.com/velzon/html/default/assets/libs/isotope-layout/isotope.pkgd.min.js]
[themesbrand.com/velzon/html/default/assets/js/pages/gallery.init.js]
[themesbrand.com/velzon/html/default/pages-gallery.html]
[themesbrand.com/velzon/html/default/assets/images/maintenance.png]
[themesbrand.com/velzon/html/default/pages-maintenance.html]
[themesbrand.com/velzon/html/default/assets/images/comingsoon.png]
[themesbrand.com/velzon/html/default/assets/js/pages/coming-soon.init.js]
[themesbrand.com/velzon/html/default/pages-coming-soon.html]
[themesbrand.com/velzon/html/default/pages-sitemap.html]
[themesbrand.com/velzon/html/default/assets/images/landing/img-pattern.png]
[themesbrand.com/velzon/html/default/assets/images/demos/default.png]
[themesbrand.com/velzon/html/default/assets/images/demos/saas.png]
[themesbrand.com/velzon/html/default/assets/images/demos/material.png]
[themesbrand.com/velzon/html/default/assets/images/demos/minimal.png]
[themesbrand.com/velzon/html/default/assets/images/demos/creative.png]
[themesbrand.com/velzon/html/default/assets/images/demos/modern.png]
[themesbrand.com/velzon/html/default/assets/images/demos/interactive.png]
[themesbrand.com/velzon/html/default/assets/images/landing/features/img-1.png]
[themesbrand.com/velzon/html/default/assets/images/landing/features/img-2.png]
[themesbrand.com/velzon/html/default/assets/images/landing/features/img-3.png]
[themesbrand.com/velzon/html/default/assets/images/landing/process-arrow-img.png]
[themesbrand.com/velzon/html/default/assets/js/pages/landing.init.js]
[themesbrand.com/velzon/html/default/landing.html]
[themesbrand.com/velzon/html/default/ui-alerts.html]
[themesbrand.com/velzon/html/default/assets/libs/prismjs/prism.js]
[themesbrand.com/velzon/html/default/ui-badges.html]
[themesbrand.com/velzon/html/default/ui-buttons.html]
[themesbrand.com/velzon/html/default/ui-colors.html]
[themesbrand.com/velzon/html/default/assets/libs/masonry-layout/masonry.pkgd.min.js]
[themesbrand.com/velzon/html/default/assets/js/pages/card.init.js]
[themesbrand.com/velzon/html/default/ui-cards.html]
[themesbrand.com/velzon/html/default/ui-carousel.html]
[themesbrand.com/velzon/html/default/ui-dropdowns.html]
[themesbrand.com/velzon/html/default/ui-grid.html]
[themesbrand.com/velzon/html/default/ui-images.html]
[themesbrand.com/velzon/html/default/ui-tabs.html]
[themesbrand.com/velzon/html/default/ui-accordions.html]
[cdn.lordicon.com/mssddfmo.js]
[themesbrand.com/velzon/html/default/assets/js/pages/modal.init.js]
[themesbrand.com/velzon/html/default/ui-modals.html]
[themesbrand.com/velzon/html/default/ui-offcanvas.html]
[themesbrand.com/velzon/html/default/ui-placeholders.html]
[themesbrand.com/velzon/html/default/ui-progress.html]
[themesbrand.com/velzon/html/default/assets/js/pages/notifications.init.js]
[themesbrand.com/velzon/html/default/ui-notifications.html]
[themesbrand.com/velzon/html/default/ui-media.html]
[themesbrand.com/velzon/html/default/ui-embed-video.html]
[themesbrand.com/velzon/html/default/ui-typography.html]
[themesbrand.com/velzon/html/default/ui-lists.html]
[themesbrand.com/velzon/html/default/ui-general.html]
[themesbrand.com/velzon/html/default/ui-ribbons.html]
[themesbrand.com/velzon/html/default/ui-utilities.html]
[themesbrand.com/velzon/html/default/assets/images/sweetalert2/success-message.png]
[themesbrand.com/velzon/html/default/assets/images/sweetalert2/error-message.png]
[themesbrand.com/velzon/html/default/assets/images/sweetalert2/warning-message.png]
[themesbrand.com/velzon/html/default/assets/images/sweetalert2/join-community.png]
[themesbrand.com/velzon/html/default/assets/images/sweetalert2/email-verify.png]
[themesbrand.com/velzon/html/default/assets/images/sweetalert2/notification-message.png]
[themesbrand.com/velzon/html/default/advance-ui-sweetalerts.html]
[themesbrand.com/velzon/html/default/assets/js/pages/sweetalerts.init.js]
[themesbrand.com/velzon/html/default/assets/libs/sortablejs/Sortable.min.js]
[themesbrand.com/velzon/html/default/assets/js/pages/nestable.init.js]
[themesbrand.com/velzon/html/default/advance-ui-nestable.html]
[themesbrand.com/velzon/html/default/advance-ui-scrollbar.html]
[themesbrand.com/velzon/html/default/assets/libs/aos/aos.css]
[themesbrand.com/velzon/html/default/assets/images/mac-img.png]
[themesbrand.com/velzon/html/default/assets/js/pages/animation-aos.init.js]
[themesbrand.com/velzon/html/default/advance-ui-animation.html]
[themesbrand.com/velzon/html/default/assets/libs/aos/aos.js]
[themesbrand.com/velzon/html/default/assets/libs/shepherd.js/css/shepherd.css]
[themesbrand.com/velzon/html/default/assets/libs/shepherd.js/js/shepherd.min.js]
[themesbrand.com/velzon/html/default/assets/js/pages/tour.init.js]
[themesbrand.com/velzon/html/default/advance-ui-tour.html]
[themesbrand.com/velzon/html/default/assets/js/pages/swiper.init.js]
[themesbrand.com/velzon/html/default/advance-ui-swiper.html]
[themesbrand.com/velzon/html/default/assets/libs/rater-js/index.js]
[themesbrand.com/velzon/html/default/assets/js/pages/rating.init.js]
[themesbrand.com/velzon/html/default/advance-ui-ratings.html]
[themesbrand.com/velzon/html/default/advance-ui-highlight.html]
[themesbrand.com/velzon/html/default/advance-ui-scrollspy.html]
[themesbrand.com/velzon/html/default/assets/images/user-illustarator-1.png]
[themesbrand.com/velzon/html/default/assets/libs/jsvectormap/maps/us-merc-en.js]
[themesbrand.com/velzon/html/default/assets/js/pages/widgets.init.js]
[themesbrand.com/velzon/html/default/widgets.html]
[themesbrand.com/velzon/html/default/forms-elements.html]
[themesbrand.com/velzon/html/default/forms-select.html]
[themesbrand.com/velzon/html/default/forms-checkboxs-radios.html]
[themesbrand.com/velzon/html/default/assets/libs/@simonwep/pickr/themes/classic.min.css]
[themesbrand.com/velzon/html/default/assets/libs/@simonwep/pickr/themes/monolith.min.css]
[themesbrand.com/velzon/html/default/assets/libs/@simonwep/pickr/themes/nano.min.css]
[themesbrand.com/velzon/html/default/assets/libs/@simonwep/pickr/pickr.min.js]
[themesbrand.com/velzon/html/default/assets/js/pages/form-pickers.init.js]
[themesbrand.com/velzon/html/default/forms-pickers.html]
[themesbrand.com/velzon/html/default/assets/js/pages/form-masks.init.js]
[themesbrand.com/velzon/html/default/forms-masks.html]
[themesbrand.com/velzon/html/default/assets/libs/multi.js/multi.min.css]
[themesbrand.com/velzon/html/default/assets/libs/@tarekraafat/autocomplete.js/css/autoComplete.css]
[themesbrand.com/velzon/html/default/assets/libs/multi.js/multi.min.js]
[themesbrand.com/velzon/html/default/assets/libs/@tarekraafat/autocomplete.js/autoComplete.min.js]
[themesbrand.com/velzon/html/default/assets/js/pages/form-advanced.init.js]
[themesbrand.com/velzon/html/default/forms-advanced.html]
[themesbrand.com/velzon/html/default/assets/js/pages/range-sliders.init.js]
[themesbrand.com/velzon/html/default/forms-range-sliders.html]
[themesbrand.com/velzon/html/default/forms-validation.html]
[themesbrand.com/velzon/html/default/assets/images/users/user-dummy-img.jpg]
[themesbrand.com/velzon/html/default/assets/js/pages/form-wizard.init.js]
[themesbrand.com/velzon/html/default/forms-wizard.html]
[themesbrand.com/velzon/html/default/assets/libs/quill/quill.core.css]
[themesbrand.com/velzon/html/default/assets/libs/quill/quill.bubble.css]
[themesbrand.com/velzon/html/default/assets/libs/quill/quill.snow.css]
[themesbrand.com/velzon/html/default/assets/libs/quill/quill.min.js]
[themesbrand.com/velzon/html/default/assets/js/pages/form-editor.init.js]
[themesbrand.com/velzon/html/default/forms-editors.html]
[themesbrand.com/velzon/html/default/assets/libs/filepond/filepond.min.css]
[themesbrand.com/velzon/html/default/assets/libs/filepond-plugin-image-preview/filepond-plugin-image-preview.min.css]
[themesbrand.com/velzon/html/default/assets/libs/filepond/filepond.min.js]
[themesbrand.com/velzon/html/default/assets/libs/filepond-plugin-image-preview/filepond-plugin-image-preview.min.js]
[themesbrand.com/velzon/html/default/assets/libs/filepond-plugin-file-validate-size/filepond-plugin-file-validate-size.min.js]
[themesbrand.com/velzon/html/default/assets/libs/filepond-plugin-image-exif-orientation/filepond-plugin-image-exif-orientation.min.js]
[themesbrand.com/velzon/html/default/assets/libs/filepond-plugin-file-encode/filepond-plugin-file-encode.min.js]
[themesbrand.com/velzon/html/default/assets/js/pages/form-file-upload.init.js]
[themesbrand.com/velzon/html/default/forms-file-uploads.html]
[themesbrand.com/velzon/html/default/forms-layouts.html]
[themesbrand.com/velzon/html/default/tables-basic.html]
[themesbrand.com/velzon/html/default/assets/js/pages/gridjs.init.js]
[themesbrand.com/velzon/html/default/tables-gridjs.html]
[themesbrand.com/velzon/html/default/tables-listjs.html]
[themesbrand.com/velzon/html/default/assets/js/pages/listjs.init.js]
[apexcharts.com/samples/assets/stock-prices.js]
[themesbrand.com/velzon/html/default/charts-apex-line.html]
[themesbrand.com/velzon/html/default/assets/js/pages/apexcharts-line.init.js]
[apexcharts.com/samples/assets/github-data.js]
[apexcharts.com/samples/assets/irregular-data-series.js]
[themesbrand.com/velzon/html/default/assets/libs/moment/moment.js]
[themesbrand.com/velzon/html/default/charts-apex-area.html]
[themesbrand.com/velzon/html/default/assets/js/pages/apexcharts-area.init.js]
[themesbrand.com/velzon/html/default/charts-apex-column.html]
[themesbrand.com/velzon/html/default/assets/js/pages/apexcharts-column.init.js]
[themesbrand.com/velzon/html/default/assets/js/pages/apexcharts-bar.init.js]
[themesbrand.com/velzon/html/default/charts-apex-bar.html]
[themesbrand.com/velzon/html/default/assets/js/pages/apexcharts-mixed.init.js]
[themesbrand.com/velzon/html/default/charts-apex-mixed.html]
[themesbrand.com/velzon/html/default/assets/libs/moment/min/moment.min.js]
[themesbrand.com/velzon/html/default/assets/js/pages/apexcharts-timeline.init.js]
[themesbrand.com/velzon/html/default/charts-apex-timeline.html]
[apexcharts.com/samples/assets/ohlc.js]
[cdnjs.cloudflare.com/ajax/libs/dayjs/1.8.17/dayjs.min.js]
[themesbrand.com/velzon/html/default/charts-apex-candlestick.html]
[themesbrand.com/velzon/html/default/assets/js/pages/apexcharts-candlestick.init.js]
[themesbrand.com/velzon/html/default/assets/js/pages/apexcharts-boxplot.init.js]
[themesbrand.com/velzon/html/default/charts-apex-boxplot.html]
[themesbrand.com/velzon/html/default/assets/js/pages/apexcharts-bubble.init.js]
[themesbrand.com/velzon/html/default/charts-apex-bubble.html]
[themesbrand.com/velzon/html/default/assets/js/pages/apexcharts-scatter.init.js]
[themesbrand.com/velzon/html/default/charts-apex-scatter.html]
[themesbrand.com/velzon/html/default/assets/js/pages/apexcharts-heatmap.init.js]
[themesbrand.com/velzon/html/default/charts-apex-heatmap.html]
[themesbrand.com/velzon/html/default/assets/js/pages/apexcharts-treemap.init.js]
[themesbrand.com/velzon/html/default/charts-apex-treemap.html]
[themesbrand.com/velzon/html/default/assets/js/pages/apexcharts-pie.init.js]
[themesbrand.com/velzon/html/default/charts-apex-pie.html]
[themesbrand.com/velzon/html/default/assets/js/pages/apexcharts-radialbar.init.js]
[themesbrand.com/velzon/html/default/charts-apex-radialbar.html]
[themesbrand.com/velzon/html/default/assets/js/pages/apexcharts-radar.init.js]
[themesbrand.com/velzon/html/default/charts-apex-radar.html]
[themesbrand.com/velzon/html/default/assets/js/pages/apexcharts-polararea.init.js]
[themesbrand.com/velzon/html/default/charts-apex-polar.html]
[themesbrand.com/velzon/html/default/assets/libs/chart.js/chart.min.js]
[themesbrand.com/velzon/html/default/assets/js/pages/chartjs.init.js]
[themesbrand.com/velzon/html/default/charts-chartjs.html]
[themesbrand.com/velzon/html/default/charts-echarts.html]
[themesbrand.com/velzon/html/default/assets/js/pages/echarts.init.js]
[themesbrand.com/velzon/html/default/icons-remix.html]
[themesbrand.com/velzon/html/default/assets/js/pages/remix-icons-listing.js]
[themesbrand.com/velzon/html/default/icons-boxicons.html]
[themesbrand.com/velzon/html/default/assets/libs/echarts/echarts.min.js]
[themesbrand.com/velzon/html/default/icons-materialdesign.html]
[themesbrand.com/velzon/html/default/assets/js/pages/materialdesign.list.js]
[themesbrand.com/velzon/html/default/icons-lineawesome.html]
[themesbrand.com/velzon/html/default/icons-feather.html]
[themesbrand.com/velzon/html/default/assets/libs/gmaps/gmaps.min.js]
[themesbrand.com/velzon/html/default/assets/js/pages/gmaps.init.js]
[themesbrand.com/velzon/html/default/maps-google.html]
[themesbrand.com/velzon/html/default/assets/libs/jsvectormap/maps/canada.js]
[themesbrand.com/velzon/html/default/assets/libs/jsvectormap/maps/russia.js]
[themesbrand.com/velzon/html/default/assets/libs/jsvectormap/maps/spain.js]
[themesbrand.com/velzon/html/default/assets/js/pages/vector-maps.init.js]
[themesbrand.com/velzon/html/default/maps-vector.html]
[themesbrand.com/velzon/html/default/assets/libs/leaflet/leaflet.css]
[themesbrand.com/velzon/html/default/assets/libs/leaflet/leaflet.js]
[themesbrand.com/velzon/html/default/assets/js/pages/leaflet-us-states.js]
[themesbrand.com/velzon/html/default/assets/js/pages/leaflet-map.init.js]
[themesbrand.com/velzon/html/default/maps-leaflet.html]
[themesbrand.com/velzon/html/default/assets/fonts/materialdesignicons-webfont1d2d.html]
[themesbrand.com/velzon/html/default/assets/fonts/boxicons.html]
[themesbrand.com/velzon/html/default/assets/fonts/boxiconsd41d.svg]
[themesbrand.com/velzon/html/default/assets/fonts/la-brands-400.html]
[themesbrand.com/velzon/html/default/assets/fonts/la-brands-400.svg]
[themesbrand.com/velzon/html/default/assets/fonts/la-regular-400.html]
[themesbrand.com/velzon/html/default/assets/fonts/la-regular-400.svg]
[themesbrand.com/velzon/html/default/assets/fonts/la-solid-900.html]
[themesbrand.com/velzon/html/default/assets/fonts/la-solid-900.svg]
[themesbrand.com/velzon/html/default/assets/fonts/remixicondf6d.html]
[themesbrand.com/velzon/html/default/assets/fonts/remixicondf6d.svg]
[themesbrand.com/velzon/html/default/assets/libs/glightbox/css/glightbox.min.css]
[themesbrand.com/velzon/html/default/assets/libs/dragula/dragula.min.css]
[themesbrand.com/velzon/html/default/assets/images/svg/crypto-icons/btc.svg]
[themesbrand.com/velzon/html/default/assets/images/svg/crypto-icons/eth.svg]
[themesbrand.com/velzon/html/default/assets/images/svg/crypto-icons/ltc.svg]
[themesbrand.com/velzon/html/default/assets/images/svg/crypto-icons/dash.svg]
[themesbrand.com/velzon/html/default/assets/images/svg/crypto-icons/etc.svg]
[themesbrand.com/velzon/html/default/assets/images/svg/crypto-icons/bnb.svg]
[themesbrand.com/velzon/html/default/assets/images/svg/crypto-icons/usdt.svg]
[themesbrand.com/velzon/html/default/assets/images/svg/crypto-icons/neo.svg]
[themesbrand.com/velzon/html/default/assets/images/svg/crypto-icons/doge.svg]
[themesbrand.com/velzon/html/default/assets/images/svg/crypto-icons/aave.svg]
[themesbrand.com/velzon/html/default/assets/libs/fullcalendar/main.min.css]
[themesbrand.com/velzon/html/default/assets/libs/nouislider/nouislider.min.css]
[themesbrand.com/velzon/html/default/assets/libs/gridjs/theme/mermaid.min.css]
[themesbrand.com/velzon/html/default/assets/libs/dropzone/dropzone.css]
[themesbrand.com/velzon/html/default/ecommerce-product-detail.html]
[themesbrand.com/velzon/html/default/assets/images/svg/crypto-icons/eur.svg]
[themesbrand.com/velzon/html/default/assets/images/svg/crypto-icons/gbp.svg]
[themesbrand.com/velzon/html/default/assets/images/svg/crypto-icons/jpy.svg]
[themesbrand.com/velzon/html/default/assets/images/svg/crypto-icons/xrp.svg]
[themesbrand.com/velzon/html/default/assets/images/svg/crypto-icons/xmr.svg]
[themesbrand.com/velzon/html/default/assets/images/svg/crypto-icons/xpm.svg]
[themesbrand.com/velzon/html/default/assets/images/svg/crypto-icons/ppt.svg]
[themesbrand.com/velzon/html/default/assets/images/svg/crypto-icons/sol.svg]
[themesbrand.com/velzon/html/default/assets/images/svg/crypto-icons/ant.svg]
[themesbrand.com/velzon/html/default/assets/images/svg/crypto-icons/fil.svg]
[themesbrand.com/velzon/html/default/assets/images/svg/crypto-icons/ada.svg]
[themesbrand.com/velzon/html/default/assets/images/svg/crypto-icons/dot.svg]
[themesbrand.com/velzon/html/default/assets/images/svg/crypto-icons/mkr.svg]
[themesbrand.com/velzon/html/default/assets/images/svg/crypto-icons/yfi.svg]
[themesbrand.com/velzon/html/default/assets/images/svg/crypto-icons/mln.svg]
[themesbrand.com/velzon/html/default/assets/images/svg/crypto-icons/vtc.svg]
[themesbrand.com/velzon/html/default/assets/images/svg/crypto-icons/xsg.svg]
[themesbrand.com/velzon/html/default/assets/images/svg/crypto-icons/bela.svg]
[themesbrand.com/velzon/html/default/assets/images/svg/crypto-icons/arn.svg]
[themesbrand.com/velzon/html/default/assets/images/svg/crypto-icons/cs.svg]
[themesbrand.com/velzon/html/default/assets/images/svg/crypto-icons/add.svg]
[themesbrand.com/velzon/html/default/assets/images/svg/crypto-icons/atm.svg]
[themesbrand.com/velzon/html/default/assets/images/svg/crypto-icons/bcbc.svg]
[themesbrand.com/velzon/html/default/assets/images/svg/crypto-icons/bix.svg]
[themesbrand.com/velzon/html/default/assets/images/svg/crypto-icons/rise.svg]
[themesbrand.com/velzon/html/default/assets/images/svg/crypto-icons/ark.svg]
[themesbrand.com/velzon/html/default/assets/libs/sweetalert2/sweetalert2.min.css]
[themesbrand.com/velzon/html/default/assets/images/error.svg]
[themesbrand.com/velzon/html/default/assets/images/clients/amazon.svg]
[themesbrand.com/velzon/html/default/assets/images/clients/walmart.svg]
[themesbrand.com/velzon/html/default/assets/images/clients/lenovo.svg]
[themesbrand.com/velzon/html/default/assets/images/clients/paypal.svg]
[themesbrand.com/velzon/html/default/assets/images/clients/shopify.svg]
[themesbrand.com/velzon/html/default/assets/images/clients/verizon.svg]
[themesbrand.com/velzon/html/default/assets/libs/prismjs/themes/prism.html]
[themesbrand.com/velzon/html/default/assets/libs/prismjs/plugins/toolbar/prism-toolbar.html]
[themesbrand.com/velzon/html/default/assets/libs/aos/aos.css]
[themesbrand.com/velzon/html/default/assets/libs/shepherd.js/css/shepherd.css]
[themesbrand.com/velzon/html/default/assets/libs/@simonwep/pickr/themes/classic.min.css]
[themesbrand.com/velzon/html/default/assets/libs/@simonwep/pickr/themes/monolith.min.css]
[themesbrand.com/velzon/html/default/assets/libs/@simonwep/pickr/themes/nano.min.css]
[themesbrand.com/velzon/html/default/assets/libs/multi.js/multi.min.css]
[themesbrand.com/velzon/html/default/assets/libs/@tarekraafat/autocomplete.js/css/autoComplete.css]
[themesbrand.com/velzon/html/default/assets/libs/quill/quill.core.css]
[themesbrand.com/velzon/html/default/assets/libs/quill/quill.bubble.css]
[themesbrand.com/velzon/html/default/assets/libs/quill/quill.snow.css]
[themesbrand.com/velzon/html/default/assets/libs/filepond/filepond.min.css]
[themesbrand.com/velzon/html/default/assets/libs/filepond-plugin-image-preview/filepond-plugin-image-preview.min.css]
[themesbrand.com/velzon/html/default/assets/libs/leaflet/images/layers.png]
[themesbrand.com/velzon/html/default/assets/libs/leaflet/images/layers-2x.png]
[themesbrand.com/velzon/html/default/assets/libs/leaflet/images/marker-icon.png]
[themesbrand.com/velzon/html/default/assets/libs/leaflet/leaflet.css]
[themesbrand.com/velzon/html/default/assets/libs/@tarekraafat/autocomplete.js/css/images/search.svg]
